Usage:
tsgen <file> [OPTIONS]

Arguments:
  file                   OpenAPI JSON schema file (required)

Options:
  -h, --help             Show this screen
  -o, --output-dir       Output directory
  -p, --plugin <path>    Use the plugin loadable by <path>.
  -v, --verbose          Enable verbose logging
  --version              Show the app version

